"<lambda>[line:6];14;1" Proof: success for all arguments after 4 tests
