"pChar" Proof: success for all arguments after 98 tests
