"pInt1" Passed after 1000 tests, 1 case rejected
"pInt2" Passed after 1000 tests, 1 case rejected
"pInt3" Passed after 1000 tests
"pInt4" Passed after 1000 tests
"pInt5" Passed after 1000 tests
"pInt6" Passed after 1000 tests
